Loading from test-inputs/1-hex/66-slt-false.hex.txt
WARNING: ../rtl/mips_cpu/simple_memory.v:33: $readmemh(test-inputs/1-hex/66-slt-false.hex.txt): Not enough words in the file for the requested range [0:1023].
VCD info: dumpfile waves.vcd opened for output.
num: 10000000000000000000000000000000: 
shifted num: 00000000000000000000100000000000: 
REGFile : OUT: $zero,$at,$v0,$v1,$a0,$a1,$a2,$a3,$t0,$t1,$t2,$t3,$t4,$t5,$t6,$t7,$s0,$s1,$s2,$s3,$s4,$s5,$s6,$s7,$t8,$t9,$k0,$k1,$gp,$sp,$s8,$ra
r=xxxxxxxx
r=xxxxxxxx
address: bfc00000
r=00000000
r=fffff000
address: fffff000
address: fffff000
address: bfc00004
address: fffff000
address: fffff000
address: bfc00008
r=fffff000
r=00000000
address: 00000000
address: 00000000
address: bfc0000c
r=00000000
address: 00000000
address: 00000000
address: bfc00010
REG v0: OUT: 00000000
