Loading from test-inputs/1-hex/47-bgezal-rs-zero.hex.txt
WARNING: ../rtl/mips_cpu/simple_memory.v:33: $readmemh(test-inputs/1-hex/47-bgezal-rs-zero.hex.txt): Not enough words in the file for the requested range [0:1023].
VCD info: dumpfile waves.vcd opened for output.
num: 10000000000000000000000000000000: 
shifted num: 00000000000000000000100000000000: 
REGFile : OUT: $zero,$at,$v0,$v1,$a0,$a1,$a2,$a3,$t0,$t1,$t2,$t3,$t4,$t5,$t6,$t7,$s0,$s1,$s2,$s3,$s4,$s5,$s6,$s7,$t8,$t9,$k0,$k1,$gp,$sp,$s8,$ra
r=xxxxxxxx
r=xxxxxxxx
address: bfc00000
r=xxxxxxxx
address: xxxxxxxx
address: xxxxxxxx
address: bfc00004
r=00001111
address: 00001111
address: 00001111
address: bfc00018
r=00002222
address: 00002222
address: 00002222
r=00003333
address: bfc0001c
r=00003333
address: 00003333
address: 00003333
address: bfc00020
r=00002222
r=00003333
address: 00003333
address: 00003333
r=00004444
address: bfc0000c
r=00004444
address: 00004444
address: 00004444
address: bfc00010
REG v0: OUT: 00003333
