Loading from test-inputs/1-hex/28-multu-mflo.hex.txt
WARNING: ../rtl/mips_cpu/simple_memory.v:33: $readmemh(test-inputs/1-hex/28-multu-mflo.hex.txt): Not enough words in the file for the requested range [0:1023].
VCD info: dumpfile waves.vcd opened for output.
num: 10000000000000000000000000000000: 
shifted num: 00000000000000000000100000000000: 
REGFile : OUT: $zero,$at,$v0,$v1,$a0,$a1,$a2,$a3,$t0,$t1,$t2,$t3,$t4,$t5,$t6,$t7,$s0,$s1,$s2,$s3,$s4,$s5,$s6,$s7,$t8,$t9,$k0,$k1,$gp,$sp,$s8,$ra
r=xxxxxxxx
r=xxxxxxxx
address: bfc00000
r=00000000
r=ffffbfc2
address: ffffbfc2
address: ffffbfc2
address: bfc00004
r=ffbfc200
address: ffbfc200
address: ffbfc200
r=bfc20000
address: bfc00008
r=ffbfd434
address: ffbfd434
address: ffbfd434
r=ffbfe668
address: bfc0000c
r=00002345
address: 00002345
address: 00002345
address: bfc00010
r=00234500
address: 00234500
address: 00234500
r=23450000
address: bfc00014
r=00468a00
r=00235734
address: 00235734
address: 00235734
r=00236968
address: bfc00018
r=00235734
r=00235734
address: 00235734
address: 00235734
address: bfc0001c
r=2730c690
address: 2730c690
address: 2730c690
address: bfc00020
r=2730c690
address: 2730c690
address: 2730c690
address: bfc00024
REG v0: OUT: 2730c690
