Loading from test-inputs/1-binary/52-bgtz-rs-greater-than-zero.hex.txt
WARNING: src/simple_memory.v:33: $readmemh(test-inputs/1-binary/52-bgtz-rs-greater-than-zero.hex.txt): Not enough words in the file for the requested range [0:1023].
VCD info: dumpfile waves.vcd opened for output.
num: 10000000000000000000000000000000: 
shifted num: 00000000000000000000100000000000: 
REGFile : OUT: $zero,$at,$v0,$v1,$a0,$a1,$a2,$a3,$t0,$t1,$t2,$t3,$t4,$t5,$t6,$t7,$s0,$s1,$s2,$s3,$s4,$s5,$s6,$s7,$t8,$t9,$k0,$k1,$gp,$sp,$s8,$ra
r=xxxxxxxx
r=xxxxxxxx
address: bfc00000
r=00000000
r=00004000
address: 00004000
address: 00004000
address: bfc00004
r=00004000
address: 00004000
address: 00004000
address: bfc00008
r=00001111
address: 00001111
address: 00001111
address: bfc00020
r=00001111
address: 00001111
address: 00001111
address: bfc00024
REG v0: OUT: 00001111
