Loading from test/test-cases/sb-1/sb-1.hex.txt
WARNING: test/testbenches/memories/simple_memory.v:33: $readmemh(test/test-cases/sb-1/sb-1.hex.txt): Not enough words in the file for the requested range [0:1023].
num: 10000000000000000000000000000000: 
shifted num: 00000000000000000000100000000000: 
REGFile : OUT: $zero,$at,$v0,$v1,$a0,$a1,$a2,$a3,$t0,$t1,$t2,$t3,$t4,$t5,$t6,$t7,$s0,$s1,$s2,$s3,$s4,$s5,$s6,$s7,$t8,$t9,$k0,$k1,$gp,$sp,$s8,$ra
address: bfc00000
address: 00000bfc
address: 00000bfc
address: bfc00004
address: bfc00000
address: bfc00000
address: bfc00008
address: 00000010
address: 00000010
address: bfc0000c
address: 00000034
address: 00000034
address: bfc00010
address: 00000054
address: 00000054
address: bfc00014
address: 00000078
address: 00000078
address: bfc00018
address: bfc00034
address: bfc00034
address: bfc0001c
address: bfc00034
address: bfc00034
address: bfc00020
address: bfc00034
address: bfc00034
address: bfc00024
address: bfc00034
address: bfc00034
address: bfc00028
address: bfc00034
address: bfc00034
address: bfc0002c
address: 00000000
address: 00000000
address: bfc00030
address: 00000000
address: 00000000
address: 00000000
Memory error: Address range miss, only 1024 words after BFC00000 implemented by default. Increase RANGE parameter as required. ADDR:  00000000
REG v0: OUT: 12345678
