Loading from test/test-cases/bgez-4/bgez-4.hex.txt
WARNING: rtl/mips_cpu/random_memory.v:36: $readmemh(test/test-cases/bgez-4/bgez-4.hex.txt): Not enough words in the file for the requested range [0:1023].
num: 10000000000000000000000000000000: 
shifted num: 00000000000000000000100000000000: 
REGFile : OUT: $zero,$at,$v0,$v1,$a0,$a1,$a2,$a3,$t0,$t1,$t2,$t3,$t4,$t5,$t6,$t7,$s0,$s1,$s2,$s3,$s4,$s5,$s6,$s7,$t8,$t9,$k0,$k1,$gp,$sp,$s8,$ra
address: bfc00000
address: bfc00000
address: bfc00000
address: bfc00000
address: bfc00000
address: 00000000
address: 00000000
address: bfc00004
address: bfc00004
address: 00000000
address: 00000000
address: bfc00008
address: bfc00008
address: bfc00008
address: 00000000
address: 00000000
address: bfc0000c
address: bfc0000c
address: 00000010
address: 00000010
address: bfc00018
address: bfc00018
address: 00000020
address: 00000020
address: bfc0001c
address: bfc0001c
address: bfc0001c
address: bfc0001c
address: 00001010
address: 00001010
address: bfc00014
address: bfc00014
address: bfc00014
address: bfc00014
address: bfc00014
address: 00001110
address: 00001110
address: bfc00018
address: bfc00018
address: 00001210
address: 00001210
address: bfc0001c
address: bfc0001c
address: bfc0001c
address: 00002110
address: 00002110
address: bfc00014
address: bfc00014
address: bfc00014
address: bfc00014
address: bfc00014
address: 00002210
address: 00002210
address: bfc00018
address: bfc00018
address: 00002310
address: 00002310
address: bfc0001c
address: bfc0001c
address: bfc0001c
address: bfc0001c
address: bfc0001c
address: 00003210
address: 00003210
address: bfc00014
address: bfc00014
address: 00003310
address: 00003310
address: bfc00018
address: bfc00018
address: bfc00018
address: bfc00018
address: 00003410
address: 00003410
address: bfc0001c
address: bfc0001c
address: bfc0001c
address: 00004310
address: 00004310
address: bfc00014
address: bfc00014
address: bfc00014
address: bfc00014
address: 00004410
address: 00004410
address: bfc00018
address: bfc00018
address: bfc00018
address: 00004510
address: 00004510
address: bfc0001c
address: bfc0001c
address: bfc0001c
address: bfc0001c
address: bfc0001c
address: 00005410
address: 00005410
address: bfc00014
address: bfc00014
address: 00005510
address: 00005510
address: bfc00018
address: bfc00018
address: bfc00018
address: 00005610
address: 00005610
address: bfc0001c
address: bfc0001c
address: bfc0001c
address: 00006510
address: 00006510
address: bfc00014
address: bfc00014
address: bfc00014
address: bfc00014
address: bfc00014
address: 00006610
address: 00006610
address: bfc00018
address: bfc00018
address: 00006710
address: 00006710
address: bfc0001c
address: bfc0001c
address: bfc0001c
address: bfc0001c
address: 00007610
address: 00007610
address: bfc00014
address: bfc00014
address: bfc00014
address: bfc00014
address: bfc00014
address: 00007710
address: 00007710
address: bfc00018
address: bfc00018
address: 00007810
address: 00007810
address: bfc0001c
address: bfc0001c
address: bfc0001c
address: bfc0001c
address: 00008710
address: 00008710
address: bfc00014
address: bfc00014
address: bfc00014
address: bfc00014
address: bfc00014
address: 00008810
address: 00008810
address: bfc00018
address: bfc00018
address: bfc00018
address: 00008910
address: 00008910
address: bfc0001c
address: bfc0001c
address: bfc0001c
address: bfc0001c
address: bfc0001c
address: 00009810
address: 00009810
address: bfc00014
address: bfc00014
address: 00009910
address: 00009910
address: bfc00018
address: bfc00018
address: bfc00018
address: 00009a10
address: 00009a10
address: bfc0001c
address: bfc0001c
address: bfc0001c
address: bfc0001c
address: bfc0001c
address: 0000a910
address: 0000a910
address: bfc00014
address: bfc00014
address: 0000aa10
address: 0000aa10
address: bfc00018
address: bfc00018
address: bfc00018
address: bfc00018
address: bfc00018
address: 0000ab10
address: 0000ab10
address: bfc0001c
address: bfc0001c
address: 0000ba10
address: 0000ba10
address: bfc00014
address: bfc00014
address: bfc00014
address: bfc00014
address: 0000bb10
address: 0000bb10
address: bfc00018
address: bfc00018
address: bfc00018
address: 0000bc10
address: 0000bc10
address: bfc0001c
address: bfc0001c
address: bfc0001c
address: bfc0001c
address: 0000cb10
address: 0000cb10
address: bfc00014
address: bfc00014
address: bfc00014
address: 0000cc10
address: 0000cc10
address: bfc00018
address: bfc00018
address: bfc00018
address: bfc00018
address: bfc00018
address: 0000cd10
address: 0000cd10
address: bfc0001c
address: bfc0001c
address: 0000dc10
address: 0000dc10
address: bfc00014
address: bfc00014
address: bfc00014
address: 0000dd10
address: 0000dd10
address: bfc00018
address: bfc00018
address: bfc00018
address: 0000de10
address: 0000de10
address: bfc0001c
address: bfc0001c
address: bfc0001c
address: bfc0001c
address: bfc0001c
address: 0000ed10
address: 0000ed10
address: bfc00014
address: bfc00014
address: 0000ee10
address: 0000ee10
address: bfc00018
address: bfc00018
address: bfc00018
address: bfc00018
address: 0000ef10
address: 0000ef10
address: bfc0001c
address: bfc0001c
address: bfc0001c
address: bfc0001c
address: bfc0001c
address: 0000fe10
address: 0000fe10
address: bfc00014
address: bfc00014
address: 0000ff10
address: 0000ff10
address: bfc00018
address: bfc00018
address: bfc00018
address: bfc00018
address: 00010010
address: 00010010
address: bfc0001c
address: bfc0001c
address: bfc0001c
address: bfc0001c
address: bfc0001c
address: 00010f10
address: 00010f10
address: bfc00014
address: bfc00014
address: bfc00014
address: 00011010
address: 00011010
address: bfc00018
address: bfc00018
address: bfc00018
address: bfc00018
address: bfc00018
address: 00011110
address: 00011110
address: bfc0001c
address: bfc0001c
address: 00012010
address: 00012010
address: bfc00014
address: bfc00014
address: bfc00014
address: 00012110
address: 00012110
address: bfc00018
address: bfc00018
address: bfc00018
address: bfc00018
address: bfc00018
address: 00012210
address: 00012210
address: bfc0001c
address: bfc0001c
address: 00013110
address: 00013110
address: bfc00014
address: bfc00014
address: bfc00014
address: bfc00014
address: bfc00014
address: 00013210
address: 00013210
address: bfc00018
address: bfc00018
address: 00013310
address: 00013310
address: bfc0001c
address: bfc0001c
address: bfc0001c
address: bfc0001c
address: 00014210
address: 00014210
address: bfc00014
address: bfc00014
address: bfc00014
address: 00014310
address: 00014310
address: bfc00018
address: bfc00018
address: bfc00018
address: bfc00018
address: 00014410
address: 00014410
address: bfc0001c
address: bfc0001c
address: bfc0001c
address: 00015310
address: 00015310
address: bfc00014
address: bfc00014
address: bfc00014
address: bfc00014
address: bfc00014
address: 00015410
address: 00015410
address: bfc00018
address: bfc00018
address: 00015510
address: 00015510
address: bfc0001c
address: bfc0001c
address: bfc0001c
address: 00016410
address: 00016410
address: bfc00014
address: bfc00014
address: bfc00014
address: 00016510
address: 00016510
address: bfc00018
address: bfc00018
address: bfc00018
address: bfc00018
address: bfc00018
address: 00016610
address: 00016610
address: bfc0001c
address: bfc0001c
address: 00017510
address: 00017510
address: bfc00014
address: bfc00014
address: bfc00014
address: bfc00014
address: 00017610
address: 00017610
address: bfc00018
address: bfc00018
address: bfc00018
address: bfc00018
address: bfc00018
address: 00017710
address: 00017710
address: bfc0001c
address: bfc0001c
address: 00018610
address: 00018610
address: bfc00014
address: bfc00014
address: bfc00014
address: bfc00014
address: 00018710
address: 00018710
address: bfc00018
address: bfc00018
address: bfc00018
address: bfc00018
address: bfc00018
address: 00018810
address: 00018810
address: bfc0001c
address: bfc0001c
address: bfc0001c
address: 00019710
address: 00019710
address: bfc00014
address: bfc00014
address: bfc00014
address: bfc00014
address: bfc00014
address: 00019810
address: 00019810
address: bfc00018
address: bfc00018
address: 00019910
address: 00019910
address: bfc0001c
address: bfc0001c
address: bfc0001c
address: 0001a810
address: 0001a810
address: bfc00014
address: bfc00014
address: bfc00014
address: bfc00014
address: bfc00014
address: 0001a910
address: 0001a910
address: bfc00018
address: bfc00018
address: 0001aa10
address: 0001aa10
address: bfc0001c
address: bfc0001c
address: bfc0001c
address: bfc0001c
address: bfc0001c
address: 0001b910
address: 0001b910
address: bfc00014
address: bfc00014
address: 0001ba10
address: 0001ba10
address: bfc00018
address: bfc00018
address: bfc00018
address: bfc00018
address: 0001bb10
address: 0001bb10
address: bfc0001c
address: bfc0001c
address: bfc0001c
address: 0001ca10
address: 0001ca10
address: bfc00014
address: bfc00014
address: bfc00014
address: bfc00014
address: 0001cb10
address: 0001cb10
address: bfc00018
address: bfc00018
address: bfc00018
address: 0001cc10
address: 0001cc10
address: bfc0001c
address: bfc0001c
address: bfc0001c
address: bfc0001c
address: bfc0001c
address: 0001db10
address: 0001db10
address: bfc00014
address: bfc00014
address: 0001dc10
address: 0001dc10
address: bfc00018
address: bfc00018
address: bfc00018
address: 0001dd10
address: 0001dd10
address: bfc0001c
address: bfc0001c
address: bfc0001c
address: 0001ec10
address: 0001ec10
address: bfc00014
address: bfc00014
address: bfc00014
address: bfc00014
address: bfc00014
address: 0001ed10
address: 0001ed10
address: bfc00018
address: bfc00018
address: 0001ee10
address: 0001ee10
address: bfc0001c
address: bfc0001c
address: bfc0001c
address: bfc0001c
address: 0001fd10
address: 0001fd10
address: bfc00014
address: bfc00014
address: bfc00014
address: bfc00014
address: bfc00014
address: 0001fe10
address: 0001fe10
address: bfc00018
address: bfc00018
address: 0001ff10
address: 0001ff10
address: bfc0001c
address: bfc0001c
address: bfc0001c
address: bfc0001c
address: 00020e10
address: 00020e10
address: bfc00014
address: bfc00014
address: bfc00014
address: bfc00014
address: bfc00014
address: 00020f10
address: 00020f10
address: bfc00018
address: bfc00018
address: bfc00018
address: 00021010
address: 00021010
address: bfc0001c
address: bfc0001c
address: bfc0001c
address: bfc0001c
address: bfc0001c
address: 00021f10
address: 00021f10
address: bfc00014
address: bfc00014
address: 00022010
address: 00022010
address: bfc00018
address: bfc00018
address: bfc00018
address: 00022110
address: 00022110
address: bfc0001c
address: bfc0001c
address: bfc0001c
address: bfc0001c
address: bfc0001c
address: 00023010
address: 00023010
address: bfc00014
address: bfc00014
address: 00023110
address: 00023110
address: bfc00018
address: bfc00018
address: bfc00018
address: bfc00018
address: bfc00018
address: 00023210
address: 00023210
address: bfc0001c
address: bfc0001c
address: 00024110
address: 00024110
address: bfc00014
address: bfc00014
address: bfc00014
address: bfc00014
address: 00024210
address: 00024210
address: bfc00018
address: bfc00018
address: bfc00018
address: 00024310
address: 00024310
address: bfc0001c
address: bfc0001c
address: bfc0001c
address: bfc0001c
address: 00025210
address: 00025210
address: bfc00014
address: bfc00014
address: bfc00014
address: 00025310
address: 00025310
address: bfc00018
address: bfc00018
address: bfc00018
address: bfc00018
address: bfc00018
address: 00025410
address: 00025410
address: bfc0001c
address: bfc0001c
address: 00026310
address: 00026310
address: bfc00014
address: bfc00014
address: bfc00014
address: 00026410
address: 00026410
address: bfc00018
address: bfc00018
address: bfc00018
address: 00026510
address: 00026510
address: bfc0001c
address: bfc0001c
address: bfc0001c
address: bfc0001c
address: bfc0001c
address: 00027410
address: 00027410
address: bfc00014
address: bfc00014
address: 00027510
address: 00027510
address: bfc00018
address: bfc00018
address: bfc00018
address: bfc00018
address: 00027610
address: 00027610
address: bfc0001c
address: bfc0001c
address: bfc0001c
address: bfc0001c
address: bfc0001c
address: 00028510
address: 00028510
address: bfc00014
address: bfc00014
address: 00028610
address: 00028610
address: bfc00018
address: bfc00018
address: bfc00018
address: bfc00018
address: 00028710
address: 00028710
address: bfc0001c
address: bfc0001c
address: bfc0001c
address: bfc0001c
address: bfc0001c
address: 00029610
address: 00029610
address: bfc00014
address: bfc00014
address: bfc00014
address: 00029710
address: 00029710
address: bfc00018
address: bfc00018
address: bfc00018
address: bfc00018
address: bfc00018
address: 00029810
address: 00029810
address: bfc0001c
address: bfc0001c
address: 0002a710
address: 0002a710
address: bfc00014
address: bfc00014
address: bfc00014
address: 0002a810
address: 0002a810
address: bfc00018
address: bfc00018
address: bfc00018
address: bfc00018
address: bfc00018
address: 0002a910
address: 0002a910
address: bfc0001c
address: bfc0001c
address: 0002b810
address: 0002b810
address: bfc00014
address: bfc00014
address: bfc00014
address: bfc00014
address: bfc00014
address: 0002b910
address: 0002b910
address: bfc00018
address: bfc00018
address: 0002ba10
address: 0002ba10
address: bfc0001c
address: bfc0001c
address: bfc0001c
address: bfc0001c
address: 0002c910
address: 0002c910
address: bfc00014
address: bfc00014
address: bfc00014
address: 0002ca10
address: 0002ca10
address: bfc00018
address: bfc00018
address: bfc00018
address: bfc00018
address: 0002cb10
address: 0002cb10
address: bfc0001c
address: bfc0001c
address: bfc0001c
address: 0002da10
address: 0002da10
address: bfc00014
address: bfc00014
address: bfc00014
address: bfc00014
address: bfc00014
address: 0002db10
address: 0002db10
address: bfc00018
address: bfc00018
address: 0002dc10
address: 0002dc10
address: bfc0001c
address: bfc0001c
address: bfc0001c
address: 0002eb10
address: 0002eb10
address: bfc00014
address: bfc00014
address: bfc00014
address: 0002ec10
address: 0002ec10
address: bfc00018
address: bfc00018
address: bfc00018
address: bfc00018
address: bfc00018
address: 0002ed10
address: 0002ed10
address: bfc0001c
address: bfc0001c
address: 0002fc10
address: 0002fc10
address: bfc00014
address: bfc00014
address: bfc00014
address: bfc00014
address: 0002fd10
address: 0002fd10
address: bfc00018
address: bfc00018
address: bfc00018
address: bfc00018
address: bfc00018
address: 0002fe10
address: 0002fe10
address: bfc0001c
address: bfc0001c
address: 00030d10
address: 00030d10
address: bfc00014
address: bfc00014
address: bfc00014
address: bfc00014
address: 00030e10
address: 00030e10
address: bfc00018
address: bfc00018
address: bfc00018
address: bfc00018
address: bfc00018
address: 00030f10
address: 00030f10
address: bfc0001c
address: bfc0001c
address: bfc0001c
address: 00031e10
address: 00031e10
address: bfc00014
address: bfc00014
address: bfc00014
address: bfc00014
address: bfc00014
address: 00031f10
address: 00031f10
address: bfc00018
address: bfc00018
address: 00032010
address: 00032010
address: bfc0001c
address: bfc0001c
address: bfc0001c
address: 00032f10
address: 00032f10
address: bfc00014
address: bfc00014
address: bfc00014
address: bfc00014
address: bfc00014
address: 00033010
address: 00033010
address: bfc00018
address: bfc00018
address: 00033110
address: 00033110
address: bfc0001c
address: bfc0001c
address: bfc0001c
address: bfc0001c
address: bfc0001c
address: 00034010
address: 00034010
address: bfc00014
address: bfc00014
address: 00034110
address: 00034110
address: bfc00018
address: bfc00018
address: bfc00018
address: bfc00018
address: 00034210
address: 00034210
address: bfc0001c
address: bfc0001c
address: bfc0001c
address: 00035110
address: 00035110
address: bfc00014
address: bfc00014
address: bfc00014
address: bfc00014
address: 00035210
address: 00035210
address: bfc00018
address: bfc00018
address: bfc00018
address: 00035310
address: 00035310
address: bfc0001c
address: bfc0001c
address: bfc0001c
address: bfc0001c
address: bfc0001c
address: 00036210
address: 00036210
address: bfc00014
address: bfc00014
address: 00036310
address: 00036310
address: bfc00018
address: bfc00018
address: bfc00018
address: 00036410
address: 00036410
address: bfc0001c
address: bfc0001c
address: bfc0001c
address: 00037310
address: 00037310
address: bfc00014
address: bfc00014
address: bfc00014
address: bfc00014
address: bfc00014
address: 00037410
address: 00037410
address: bfc00018
address: bfc00018
address: 00037510
address: 00037510
address: bfc0001c
address: bfc0001c
address: bfc0001c
address: bfc0001c
address: 00038410
address: 00038410
address: bfc00014
address: bfc00014
address: bfc00014
address: bfc00014
address: bfc00014
address: 00038510
address: 00038510
address: bfc00018
address: bfc00018
address: 00038610
address: 00038610
address: bfc0001c
address: bfc0001c
address: bfc0001c
address: bfc0001c
address: 00039510
address: 00039510
address: bfc00014
address: bfc00014
address: bfc00014
address: bfc00014
address: bfc00014
address: 00039610
address: 00039610
address: bfc00018
address: bfc00018
address: bfc00018
address: 00039710
address: 00039710
address: bfc0001c
address: bfc0001c
address: bfc0001c
address: bfc0001c
address: bfc0001c
address: 0003a610
address: 0003a610
address: bfc00014
address: bfc00014
address: 0003a710
address: 0003a710
address: bfc00018
address: bfc00018
address: bfc00018
address: 0003a810
address: 0003a810
address: bfc0001c
address: bfc0001c
address: bfc0001c
address: bfc0001c
address: bfc0001c
address: 0003b710
address: 0003b710
address: bfc00014
address: bfc00014
address: 0003b810
address: 0003b810
address: bfc00018
address: bfc00018
address: bfc00018
address: bfc00018
address: bfc00018
address: 0003b910
address: 0003b910
address: bfc0001c
address: bfc0001c
address: 0003c810
address: 0003c810
address: bfc00014
address: bfc00014
address: bfc00014
address: bfc00014
address: 0003c910
address: 0003c910
address: bfc00018
address: bfc00018
address: bfc00018
address: 0003ca10
address: 0003ca10
address: bfc0001c
address: bfc0001c
address: bfc0001c
address: bfc0001c
address: 0003d910
address: 0003d910
address: bfc00014
address: bfc00014
address: bfc00014
address: 0003da10
address: 0003da10
address: bfc00018
address: bfc00018
address: bfc00018
address: bfc00018
address: bfc00018
address: 0003db10
address: 0003db10
address: bfc0001c
address: bfc0001c
address: 0003ea10
address: 0003ea10
address: bfc00014
address: bfc00014
address: bfc00014
address: 0003eb10
address: 0003eb10
address: bfc00018
address: bfc00018
address: bfc00018
address: 0003ec10
address: 0003ec10
FATAL: test/testbenches/mips_bus_random_tb.v:50: Simulation did not finish within        1000 cycles.
       Time: 2000000  Scope: mips_bus_random_tb
