Loading from test/test-cases/blez-2/blez-2.hex.txt
WARNING: test/testbenches/memories/request_memory.v:33: $readmemh(test/test-cases/blez-2/blez-2.hex.txt): Not enough words in the file for the requested range [0:1023].
num: 10000000000000000000000000000000: 
shifted num: 00000000000000000000100000000000: 
REGFile : OUT: $zero,$at,$v0,$v1,$a0,$a1,$a2,$a3,$t0,$t1,$t2,$t3,$t4,$t5,$t6,$t7,$s0,$s1,$s2,$s3,$s4,$s5,$s6,$s7,$t8,$t9,$k0,$k1,$gp,$sp,$s8,$ra
address: bfc00000
address: bfc00000
address: xxxxxxxX
address: xxxxxxxX
address: bfc00004
address: bfc00004
address: 00001110
address: 00001110
address: bfc00014
address: bfc00014
address: 00006664
address: 00006664
address: bfc00018
address: bfc00018
address: 00007774
address: 00007774
address: bfc0001c
address: bfc0001c
address: 00008888
address: 00008888
address: bfc00020
address: bfc00020
address: 00000000
address: 00000000
address: 00000000
Memory error: Address range miss, only 1024 words after BFC00000 implemented by default. Increase RANGE parameter as required. ADDR:  00000000
REG v0: OUT: 00007777
