Loading from test/test-cases/subu-2/subu-2.hex.txt
WARNING: test/testbenches/memories/random_memory.v:36: $readmemh(test/test-cases/subu-2/subu-2.hex.txt): Not enough words in the file for the requested range [0:1023].
num: 10000000000000000000000000000000: 
shifted num: 00000000000000000000100000000000: 
REGFile : OUT: $zero,$at,$v0,$v1,$a0,$a1,$a2,$a3,$t0,$t1,$t2,$t3,$t4,$t5,$t6,$t7,$s0,$s1,$s2,$s3,$s4,$s5,$s6,$s7,$t8,$t9,$k0,$k1,$gp,$sp,$s8,$ra
address: bfc00000
address: bfc00000
address: bfc00000
address: bfc00000
address: bfc00000
address: 00002378
address: 00002378
address: bfc00004
address: bfc00004
address: 00004870
address: 00004870
address: bfc00008
address: bfc00008
address: bfc00008
address: ffffdb04
address: ffffdb04
address: bfc0000c
address: bfc0000c
address: ffffdb04
address: ffffdb04
address: bfc00010
address: bfc00010
address: ffffdb04
address: ffffdb04
address: 00000000
Memory error: Address range miss, only 1024 words after BFC00000 implemented by default. Increase RANGE parameter as required. ADDR:  00000000
REG v0: OUT: ffffdb05
