Loading from test/test-cases/bgezal-4/bgezal-4.hex.txt
WARNING: test/testbenches/memories/random_memory.v:36: $readmemh(test/test-cases/bgezal-4/bgezal-4.hex.txt): Not enough words in the file for the requested range [0:1023].
num: 10000000000000000000000000000000: 
shifted num: 00000000000000000000100000000000: 
REGFile : OUT: $zero,$at,$v0,$v1,$a0,$a1,$a2,$a3,$t0,$t1,$t2,$t3,$t4,$t5,$t6,$t7,$s0,$s1,$s2,$s3,$s4,$s5,$s6,$s7,$t8,$t9,$k0,$k1,$gp,$sp,$s8,$ra
address: bfc00000
address: bfc00000
address: bfc00000
address: bfc00000
address: bfc00000
address: 00000000
address: 00000000
address: bfc00004
address: bfc00004
address: 00000000
address: 00000000
address: bfc00008
address: bfc00008
address: bfc00008
address: 00000000
address: 00000000
address: bfc0000c
address: bfc0000c
address: 00000010
address: 00000010
address: bfc00024
address: bfc00024
address: 00000000
address: 00000000
address: bfc00028
address: bfc00028
address: bfc00028
address: bfc00028
address: 00000000
address: 00000000
address: bfc0002c
address: bfc0002c
address: bfc0002c
address: bfc0002c
address: bfc0002c
address: 00000000
address: 00000000
address: bfc00030
address: bfc00030
address: 00000000
address: 00000000
address: bfc00034
address: bfc00034
address: bfc00034
address: 00000000
address: 00000000
address: bfc00038
address: bfc00038
address: bfc00038
address: bfc00038
address: bfc00038
address: 00000000
address: 00000000
address: bfc0003c
address: bfc0003c
address: 00000000
address: 00000000
address: bfc00040
address: bfc00040
address: bfc00040
address: bfc00040
address: bfc00040
address: 00000000
address: 00000000
address: bfc00044
address: bfc00044
address: 00000000
address: 00000000
address: bfc00048
address: bfc00048
address: bfc00048
address: bfc00048
address: 00000000
address: 00000000
address: bfc0004c
address: bfc0004c
address: bfc0004c
address: 00000000
address: 00000000
address: bfc00050
address: bfc00050
address: bfc00050
address: bfc00050
address: 00000000
address: 00000000
address: bfc00054
address: bfc00054
address: bfc00054
address: 00000000
address: 00000000
address: bfc00058
address: bfc00058
address: bfc00058
address: bfc00058
address: bfc00058
address: 00000000
address: 00000000
address: bfc0005c
address: bfc0005c
address: 00000000
address: 00000000
address: bfc00060
address: bfc00060
address: bfc00060
address: 00000000
address: 00000000
address: bfc00064
address: bfc00064
address: bfc00064
address: 00000000
address: 00000000
address: bfc00068
address: bfc00068
address: bfc00068
address: bfc00068
address: bfc00068
address: 00000000
address: 00000000
address: bfc0006c
address: bfc0006c
address: 00000000
address: 00000000
address: bfc00070
address: bfc00070
address: bfc00070
address: bfc00070
address: 00000000
address: 00000000
address: bfc00074
address: bfc00074
address: bfc00074
address: bfc00074
address: bfc00074
address: 00000000
address: 00000000
address: bfc00078
address: bfc00078
address: 00000000
address: 00000000
address: bfc0007c
address: bfc0007c
address: bfc0007c
address: bfc0007c
address: 00000000
address: 00000000
address: bfc00080
address: bfc00080
address: bfc00080
address: bfc00080
address: bfc00080
address: 00000000
address: 00000000
address: bfc00084
address: bfc00084
address: bfc00084
address: 00000000
address: 00000000
address: bfc00088
address: bfc00088
address: bfc00088
address: bfc00088
address: bfc00088
address: 00000000
address: 00000000
address: bfc0008c
address: bfc0008c
address: 00000000
address: 00000000
address: bfc00090
address: bfc00090
address: bfc00090
address: 00000000
address: 00000000
address: bfc00094
address: bfc00094
address: bfc00094
address: bfc00094
address: bfc00094
address: 00000000
address: 00000000
address: bfc00098
address: bfc00098
address: 00000000
address: 00000000
address: bfc0009c
address: bfc0009c
address: bfc0009c
address: bfc0009c
address: bfc0009c
address: 00000000
address: 00000000
address: bfc000a0
address: bfc000a0
address: 00000000
address: 00000000
address: bfc000a4
address: bfc000a4
address: bfc000a4
address: bfc000a4
address: 00000000
address: 00000000
address: bfc000a8
address: bfc000a8
address: bfc000a8
address: 00000000
address: 00000000
address: bfc000ac
address: bfc000ac
address: bfc000ac
address: bfc000ac
address: 00000000
address: 00000000
address: bfc000b0
address: bfc000b0
address: bfc000b0
address: 00000000
address: 00000000
address: bfc000b4
address: bfc000b4
address: bfc000b4
address: bfc000b4
address: bfc000b4
address: 00000000
address: 00000000
address: bfc000b8
address: bfc000b8
address: 00000000
address: 00000000
address: bfc000bc
address: bfc000bc
address: bfc000bc
address: 00000000
address: 00000000
address: bfc000c0
address: bfc000c0
address: bfc000c0
address: 00000000
address: 00000000
address: bfc000c4
address: bfc000c4
address: bfc000c4
address: bfc000c4
address: bfc000c4
address: 00000000
address: 00000000
address: bfc000c8
address: bfc000c8
address: 00000000
address: 00000000
address: bfc000cc
address: bfc000cc
address: bfc000cc
address: bfc000cc
address: 00000000
address: 00000000
address: bfc000d0
address: bfc000d0
address: bfc000d0
address: bfc000d0
address: bfc000d0
address: 00000000
address: 00000000
address: bfc000d4
address: bfc000d4
address: 00000000
address: 00000000
address: bfc000d8
address: bfc000d8
address: bfc000d8
address: bfc000d8
address: 00000000
address: 00000000
address: bfc000dc
address: bfc000dc
address: bfc000dc
address: bfc000dc
address: bfc000dc
address: 00000000
address: 00000000
address: bfc000e0
address: bfc000e0
address: bfc000e0
address: 00000000
address: 00000000
address: bfc000e4
address: bfc000e4
address: bfc000e4
address: bfc000e4
address: bfc000e4
address: 00000000
address: 00000000
address: bfc000e8
address: bfc000e8
address: 00000000
address: 00000000
address: bfc000ec
address: bfc000ec
address: bfc000ec
address: 00000000
address: 00000000
address: bfc000f0
address: bfc000f0
address: bfc000f0
address: bfc000f0
address: bfc000f0
address: 00000000
address: 00000000
address: bfc000f4
address: bfc000f4
address: 00000000
address: 00000000
address: bfc000f8
address: bfc000f8
address: bfc000f8
address: bfc000f8
address: bfc000f8
address: 00000000
address: 00000000
address: bfc000fc
address: bfc000fc
address: 00000000
address: 00000000
address: bfc00100
address: bfc00100
address: bfc00100
address: bfc00100
address: 00000000
address: 00000000
address: bfc00104
address: bfc00104
address: bfc00104
address: 00000000
address: 00000000
address: bfc00108
address: bfc00108
address: bfc00108
address: bfc00108
address: 00000000
address: 00000000
address: bfc0010c
address: bfc0010c
address: bfc0010c
address: 00000000
address: 00000000
address: bfc00110
address: bfc00110
address: bfc00110
address: bfc00110
address: bfc00110
address: 00000000
address: 00000000
address: bfc00114
address: bfc00114
address: 00000000
address: 00000000
address: bfc00118
address: bfc00118
address: bfc00118
address: 00000000
address: 00000000
address: bfc0011c
address: bfc0011c
address: bfc0011c
address: 00000000
address: 00000000
address: bfc00120
address: bfc00120
address: bfc00120
address: bfc00120
address: bfc00120
address: 00000000
address: 00000000
address: bfc00124
address: bfc00124
address: 00000000
address: 00000000
address: bfc00128
address: bfc00128
address: bfc00128
address: bfc00128
address: 00000000
address: 00000000
address: bfc0012c
address: bfc0012c
address: bfc0012c
address: bfc0012c
address: bfc0012c
address: 00000000
address: 00000000
address: bfc00130
address: bfc00130
address: 00000000
address: 00000000
address: bfc00134
address: bfc00134
address: bfc00134
address: bfc00134
address: 00000000
address: 00000000
address: bfc00138
address: bfc00138
address: bfc00138
address: bfc00138
address: bfc00138
address: 00000000
address: 00000000
address: bfc0013c
address: bfc0013c
address: bfc0013c
address: 00000000
address: 00000000
address: bfc00140
address: bfc00140
address: bfc00140
address: bfc00140
address: bfc00140
address: 00000000
address: 00000000
address: bfc00144
address: bfc00144
address: 00000000
address: 00000000
address: bfc00148
address: bfc00148
address: bfc00148
address: 00000000
address: 00000000
address: bfc0014c
address: bfc0014c
address: bfc0014c
address: bfc0014c
address: bfc0014c
address: 00000000
address: 00000000
address: bfc00150
address: bfc00150
address: 00000000
address: 00000000
address: bfc00154
address: bfc00154
address: bfc00154
address: bfc00154
address: bfc00154
address: 00000000
address: 00000000
address: bfc00158
address: bfc00158
address: 00000000
address: 00000000
address: bfc0015c
address: bfc0015c
address: bfc0015c
address: bfc0015c
address: 00000000
address: 00000000
address: bfc00160
address: bfc00160
address: bfc00160
address: 00000000
address: 00000000
address: bfc00164
address: bfc00164
address: bfc00164
address: bfc00164
address: 00000000
address: 00000000
address: bfc00168
address: bfc00168
address: bfc00168
address: 00000000
address: 00000000
address: bfc0016c
address: bfc0016c
address: bfc0016c
address: bfc0016c
address: bfc0016c
address: 00000000
address: 00000000
address: bfc00170
address: bfc00170
address: 00000000
address: 00000000
address: bfc00174
address: bfc00174
address: bfc00174
address: 00000000
address: 00000000
address: bfc00178
address: bfc00178
address: bfc00178
address: 00000000
address: 00000000
address: bfc0017c
address: bfc0017c
address: bfc0017c
address: bfc0017c
address: bfc0017c
address: 00000000
address: 00000000
address: bfc00180
address: bfc00180
address: 00000000
address: 00000000
address: bfc00184
address: bfc00184
address: bfc00184
address: bfc00184
address: 00000000
address: 00000000
address: bfc00188
address: bfc00188
address: bfc00188
address: bfc00188
address: bfc00188
address: 00000000
address: 00000000
address: bfc0018c
address: bfc0018c
address: 00000000
address: 00000000
address: bfc00190
address: bfc00190
address: bfc00190
address: bfc00190
address: 00000000
address: 00000000
address: bfc00194
address: bfc00194
address: bfc00194
address: bfc00194
address: bfc00194
address: 00000000
address: 00000000
address: bfc00198
address: bfc00198
address: bfc00198
address: 00000000
address: 00000000
address: bfc0019c
address: bfc0019c
address: bfc0019c
address: bfc0019c
address: bfc0019c
address: 00000000
address: 00000000
address: bfc001a0
address: bfc001a0
address: 00000000
address: 00000000
address: bfc001a4
address: bfc001a4
address: bfc001a4
address: 00000000
address: 00000000
address: bfc001a8
address: bfc001a8
address: bfc001a8
address: bfc001a8
address: bfc001a8
address: 00000000
address: 00000000
address: bfc001ac
address: bfc001ac
address: 00000000
address: 00000000
address: bfc001b0
address: bfc001b0
address: bfc001b0
address: bfc001b0
address: bfc001b0
address: 00000000
address: 00000000
address: bfc001b4
address: bfc001b4
address: 00000000
address: 00000000
address: bfc001b8
address: bfc001b8
address: bfc001b8
address: bfc001b8
address: 00000000
address: 00000000
address: bfc001bc
address: bfc001bc
address: bfc001bc
address: 00000000
address: 00000000
address: bfc001c0
address: bfc001c0
address: bfc001c0
address: bfc001c0
address: 00000000
address: 00000000
address: bfc001c4
address: bfc001c4
address: bfc001c4
address: 00000000
address: 00000000
address: bfc001c8
address: bfc001c8
address: bfc001c8
address: bfc001c8
address: bfc001c8
address: 00000000
address: 00000000
address: bfc001cc
address: bfc001cc
address: 00000000
address: 00000000
address: bfc001d0
address: bfc001d0
address: bfc001d0
address: 00000000
address: 00000000
address: bfc001d4
address: bfc001d4
address: bfc001d4
address: 00000000
address: 00000000
address: bfc001d8
address: bfc001d8
address: bfc001d8
address: bfc001d8
address: bfc001d8
address: 00000000
address: 00000000
address: bfc001dc
address: bfc001dc
address: 00000000
address: 00000000
address: bfc001e0
address: bfc001e0
address: bfc001e0
address: bfc001e0
address: 00000000
address: 00000000
address: bfc001e4
address: bfc001e4
address: bfc001e4
address: bfc001e4
address: bfc001e4
address: 00000000
address: 00000000
address: bfc001e8
address: bfc001e8
address: 00000000
address: 00000000
address: bfc001ec
address: bfc001ec
address: bfc001ec
address: bfc001ec
address: 00000000
address: 00000000
address: bfc001f0
address: bfc001f0
address: bfc001f0
address: bfc001f0
address: bfc001f0
address: 00000000
address: 00000000
address: bfc001f4
address: bfc001f4
address: bfc001f4
address: 00000000
address: 00000000
address: bfc001f8
address: bfc001f8
address: bfc001f8
address: bfc001f8
address: bfc001f8
address: 00000000
address: 00000000
address: bfc001fc
address: bfc001fc
address: 00000000
address: 00000000
address: bfc00200
address: bfc00200
address: bfc00200
address: 00000000
address: 00000000
address: bfc00204
address: bfc00204
address: bfc00204
address: bfc00204
address: bfc00204
address: 00000000
address: 00000000
address: bfc00208
address: bfc00208
address: 00000000
address: 00000000
address: bfc0020c
address: bfc0020c
address: bfc0020c
address: bfc0020c
address: bfc0020c
address: 00000000
address: 00000000
address: bfc00210
address: bfc00210
address: 00000000
address: 00000000
address: bfc00214
address: bfc00214
address: bfc00214
address: bfc00214
address: 00000000
address: 00000000
address: bfc00218
address: bfc00218
address: bfc00218
address: 00000000
address: 00000000
address: bfc0021c
address: bfc0021c
address: bfc0021c
address: bfc0021c
address: 00000000
address: 00000000
address: bfc00220
address: bfc00220
address: bfc00220
address: 00000000
address: 00000000
address: bfc00224
address: bfc00224
address: bfc00224
address: bfc00224
address: bfc00224
address: 00000000
address: 00000000
address: bfc00228
address: bfc00228
address: 00000000
address: 00000000
address: bfc0022c
address: bfc0022c
address: bfc0022c
address: 00000000
address: 00000000
address: bfc00230
address: bfc00230
address: bfc00230
address: 00000000
address: 00000000
address: bfc00234
address: bfc00234
address: bfc00234
address: bfc00234
address: bfc00234
address: 00000000
address: 00000000
address: bfc00238
address: bfc00238
address: 00000000
address: 00000000
address: bfc0023c
address: bfc0023c
address: bfc0023c
address: bfc0023c
address: 00000000
address: 00000000
address: bfc00240
address: bfc00240
address: bfc00240
address: bfc00240
address: bfc00240
address: 00000000
address: 00000000
address: bfc00244
address: bfc00244
address: 00000000
address: 00000000
address: bfc00248
address: bfc00248
address: bfc00248
address: bfc00248
address: 00000000
address: 00000000
address: bfc0024c
address: bfc0024c
address: bfc0024c
address: bfc0024c
address: bfc0024c
address: 00000000
address: 00000000
address: bfc00250
address: bfc00250
address: bfc00250
address: 00000000
address: 00000000
address: bfc00254
address: bfc00254
address: bfc00254
address: bfc00254
address: bfc00254
address: 00000000
address: 00000000
address: bfc00258
address: bfc00258
address: 00000000
address: 00000000
address: bfc0025c
address: bfc0025c
address: bfc0025c
address: 00000000
address: 00000000
address: bfc00260
address: bfc00260
address: bfc00260
address: bfc00260
address: bfc00260
address: 00000000
address: 00000000
address: bfc00264
address: bfc00264
address: 00000000
address: 00000000
address: bfc00268
address: bfc00268
address: bfc00268
address: bfc00268
address: bfc00268
address: 00000000
address: 00000000
address: bfc0026c
address: bfc0026c
address: 00000000
address: 00000000
address: bfc00270
address: bfc00270
address: bfc00270
address: bfc00270
address: 00000000
address: 00000000
address: bfc00274
address: bfc00274
address: bfc00274
address: 00000000
address: 00000000
address: bfc00278
address: bfc00278
address: bfc00278
address: bfc00278
address: 00000000
address: 00000000
address: bfc0027c
address: bfc0027c
address: bfc0027c
address: 00000000
address: 00000000
address: bfc00280
address: bfc00280
address: bfc00280
address: bfc00280
address: bfc00280
address: 00000000
address: 00000000
address: bfc00284
address: bfc00284
address: 00000000
address: 00000000
address: bfc00288
address: bfc00288
address: bfc00288
address: 00000000
address: 00000000
address: bfc0028c
address: bfc0028c
address: bfc0028c
address: 00000000
address: 00000000
address: bfc00290
address: bfc00290
address: bfc00290
address: bfc00290
address: bfc00290
address: 00000000
address: 00000000
address: bfc00294
address: bfc00294
address: 00000000
address: 00000000
address: bfc00298
address: bfc00298
address: bfc00298
address: bfc00298
address: 00000000
address: 00000000
address: bfc0029c
address: bfc0029c
address: bfc0029c
address: bfc0029c
address: bfc0029c
address: 00000000
address: 00000000
address: bfc002a0
address: bfc002a0
address: 00000000
address: 00000000
address: bfc002a4
address: bfc002a4
address: bfc002a4
address: bfc002a4
address: 00000000
address: 00000000
address: bfc002a8
address: bfc002a8
address: bfc002a8
address: bfc002a8
address: bfc002a8
address: 00000000
address: 00000000
address: bfc002ac
address: bfc002ac
address: bfc002ac
address: 00000000
address: 00000000
address: bfc002b0
address: bfc002b0
address: bfc002b0
address: bfc002b0
address: bfc002b0
address: 00000000
address: 00000000
address: bfc002b4
address: bfc002b4
address: 00000000
address: 00000000
address: bfc002b8
address: bfc002b8
address: bfc002b8
address: 00000000
address: 00000000
address: bfc002bc
address: bfc002bc
address: bfc002bc
address: bfc002bc
address: bfc002bc
address: 00000000
address: 00000000
address: bfc002c0
address: bfc002c0
address: 00000000
address: 00000000
address: bfc002c4
address: bfc002c4
address: bfc002c4
address: bfc002c4
address: bfc002c4
address: 00000000
address: 00000000
address: bfc002c8
address: bfc002c8
address: 00000000
address: 00000000
address: bfc002cc
address: bfc002cc
address: bfc002cc
address: bfc002cc
address: 00000000
address: 00000000
address: bfc002d0
address: bfc002d0
address: bfc002d0
address: 00000000
address: 00000000
address: bfc002d4
address: bfc002d4
address: bfc002d4
address: bfc002d4
address: 00000000
address: 00000000
address: bfc002d8
address: bfc002d8
address: bfc002d8
address: 00000000
address: 00000000
address: bfc002dc
address: bfc002dc
address: bfc002dc
address: bfc002dc
address: bfc002dc
address: 00000000
address: 00000000
address: bfc002e0
address: bfc002e0
address: 00000000
address: 00000000
address: bfc002e4
address: bfc002e4
address: bfc002e4
address: 00000000
address: 00000000
address: bfc002e8
address: bfc002e8
address: bfc002e8
address: 00000000
address: 00000000
FATAL: test/testbenches/mips_bus_random_tb.v:50: Simulation did not finish within        1000 cycles.
       Time: 2000000  Scope: mips_bus_random_tb
