Loading from test/test-cases/addiu-1/addiu-1.hex.txt
WARNING: test/testbenches/memories/request_memory.v:33: $readmemh(test/test-cases/addiu-1/addiu-1.hex.txt): Not enough words in the file for the requested range [0:1023].
num: 10000000000000000000000000000000: 
shifted num: 00000000000000000000100000000000: 
REGFile : OUT: $zero,$at,$v0,$v1,$a0,$a1,$a2,$a3,$t0,$t1,$t2,$t3,$t4,$t5,$t6,$t7,$s0,$s1,$s2,$s3,$s4,$s5,$s6,$s7,$t8,$t9,$k0,$k1,$gp,$sp,$s8,$ra
address: bfc00000
address: bfc00000
address: 00000010
address: 00000010
address: bfc00004
address: bfc00004
address: 00000000
address: 00000000
address: bfc00008
address: bfc00008
address: 00000000
address: 00000000
address: 00000000
Memory error: Address range miss, only 1024 words after BFC00000 implemented by default. Increase RANGE parameter as required. ADDR:  00000000
REG v0: OUT: 00000010
test/testbenches/mips_bus_request_tb.v:65: $finish called at 27000 (10ps)
