Loading from test/test-cases/fib-1/fib-1.hex.txt
WARNING: rtl/mips_cpu/random_memory.v:36: $readmemh(test/test-cases/fib-1/fib-1.hex.txt): Not enough words in the file for the requested range [0:1023].
num: 10000000000000000000000000000000: 
shifted num: 00000000000000000000100000000000: 
REGFile : OUT: $zero,$at,$v0,$v1,$a0,$a1,$a2,$a3,$t0,$t1,$t2,$t3,$t4,$t5,$t6,$t7,$s0,$s1,$s2,$s3,$s4,$s5,$s6,$s7,$t8,$t9,$k0,$k1,$gp,$sp,$s8,$ra
address: bfc00000
address: bfc00000
address: bfc00000
address: bfc00000
address: bfc00000
address: 00000010
address: 00000010
address: bfc00004
address: bfc00004
address: 00000010
address: 00000010
address: bfc00008
address: bfc00008
address: bfc00008
address: 00000000
address: 00000000
address: bfc0000c
address: bfc0000c
address: 00000010
address: 00000010
address: bfc00010
address: bfc00010
address: 00000020
address: 00000020
address: bfc00014
address: bfc00014
address: bfc00014
address: bfc00014
address: 0000000c
address: 0000000c
address: bfc00018
address: bfc00018
address: bfc00018
address: bfc00018
address: bfc00018
address: 0000000c
address: 0000000c
address: bfc0001c
address: bfc0001c
address: 00000030
address: 00000030
address: bfc00014
address: bfc00014
address: bfc00014
address: 0000000c
address: 0000000c
address: bfc00018
address: bfc00018
address: bfc00018
address: bfc00018
address: bfc00018
address: 0000000c
address: 0000000c
address: bfc0001c
address: bfc0001c
address: 00000040
address: 00000040
address: bfc00014
address: bfc00014
address: bfc00014
address: bfc00014
address: bfc00014
address: 0000000c
address: 0000000c
address: bfc00018
address: bfc00018
address: 0000000c
address: 0000000c
address: bfc0001c
address: bfc0001c
address: bfc0001c
address: bfc0001c
address: 00000050
address: 00000050
address: bfc00014
address: bfc00014
address: bfc00014
address: 0000000c
address: 0000000c
address: bfc00018
address: bfc00018
address: bfc00018
address: bfc00018
address: 0000000c
address: 0000000c
address: bfc0001c
address: bfc0001c
address: bfc0001c
address: 00000060
address: 00000060
address: bfc00014
address: bfc00014
address: bfc00014
address: bfc00014
address: bfc00014
address: 0000000c
address: 0000000c
address: bfc00018
address: bfc00018
address: 0000000c
address: 0000000c
address: bfc0001c
address: bfc0001c
address: bfc0001c
address: 00000070
address: 00000070
address: bfc00014
address: bfc00014
address: bfc00014
address: 0000000c
address: 0000000c
address: bfc00018
address: bfc00018
address: bfc00018
address: bfc00018
address: bfc00018
address: 0000000c
address: 0000000c
address: bfc0001c
address: bfc0001c
address: 00000080
address: 00000080
address: bfc00014
address: bfc00014
address: bfc00014
address: bfc00014
address: 0000000c
address: 0000000c
address: bfc00018
address: bfc00018
address: bfc00018
address: bfc00018
address: bfc00018
address: 0000000c
address: 0000000c
address: bfc0001c
address: bfc0001c
address: 00000090
address: 00000090
address: bfc00014
address: bfc00014
address: bfc00014
address: bfc00014
address: 0000000c
address: 0000000c
address: bfc00018
address: bfc00018
address: bfc00018
address: bfc00018
address: bfc00018
address: 0000000c
address: 0000000c
address: bfc0001c
address: bfc0001c
address: bfc0001c
address: 000000a0
address: 000000a0
address: bfc00014
address: bfc00014
address: bfc00014
address: bfc00014
address: bfc00014
address: 0000000c
address: 0000000c
address: bfc00018
address: bfc00018
address: 0000000c
address: 0000000c
address: bfc0001c
address: bfc0001c
address: bfc0001c
address: 000000b0
address: 000000b0
address: bfc00014
address: bfc00014
address: bfc00014
address: bfc00014
address: bfc00014
address: 0000000c
address: 0000000c
address: bfc00018
address: bfc00018
address: 0000000c
address: 0000000c
address: bfc0001c
address: bfc0001c
address: bfc0001c
address: bfc0001c
address: bfc0001c
address: 000000c0
address: 000000c0
address: bfc00014
address: bfc00014
address: 0000000c
address: 0000000c
address: bfc00018
address: bfc00018
address: bfc00018
address: bfc00018
address: 0000000c
address: 0000000c
address: bfc0001c
address: bfc0001c
address: bfc0001c
address: 000000d0
address: 000000d0
address: bfc00014
address: bfc00014
address: bfc00014
address: bfc00014
address: 0000000c
address: 0000000c
address: bfc00018
address: bfc00018
address: bfc00018
address: 0000000c
address: 0000000c
address: bfc0001c
address: bfc0001c
address: bfc0001c
address: bfc0001c
address: bfc0001c
address: 000000e0
address: 000000e0
address: bfc00014
address: bfc00014
address: 0000000c
address: 0000000c
address: bfc00018
address: bfc00018
address: bfc00018
address: 0000000c
address: 0000000c
address: bfc0001c
address: bfc0001c
address: bfc0001c
address: 000000f0
address: 000000f0
address: bfc00014
address: bfc00014
address: bfc00014
address: bfc00014
address: bfc00014
address: 0000000c
address: 0000000c
address: bfc00018
address: bfc00018
address: 0000000c
address: 0000000c
address: bfc0001c
address: bfc0001c
address: bfc0001c
address: bfc0001c
address: 00000100
address: 00000100
address: bfc00014
address: bfc00014
address: bfc00014
address: bfc00014
address: bfc00014
address: 0000000c
address: 0000000c
address: bfc00018
address: bfc00018
address: 0000000c
address: 0000000c
address: bfc0001c
address: bfc0001c
address: bfc0001c
address: bfc0001c
address: 00000110
address: 00000110
address: bfc00014
address: bfc00014
address: bfc00014
address: bfc00014
address: bfc00014
address: 0000000c
address: 0000000c
address: bfc00018
address: bfc00018
address: bfc00018
address: 0000000c
address: 0000000c
address: bfc0001c
address: bfc0001c
address: bfc0001c
address: bfc0001c
address: bfc0001c
address: 00000120
address: 00000120
address: bfc00014
address: bfc00014
address: 0000000c
address: 0000000c
address: bfc00018
address: bfc00018
address: bfc00018
address: 0000000c
address: 0000000c
address: bfc0001c
address: bfc0001c
address: bfc0001c
address: bfc0001c
address: bfc0001c
address: 00000130
address: 00000130
address: bfc00014
address: bfc00014
address: 0000000c
address: 0000000c
address: bfc00018
address: bfc00018
address: bfc00018
address: bfc00018
address: bfc00018
address: 0000000c
address: 0000000c
address: bfc0001c
address: bfc0001c
address: 00000140
address: 00000140
address: bfc00014
address: bfc00014
address: bfc00014
address: bfc00014
address: 0000000c
address: 0000000c
address: bfc00018
address: bfc00018
address: bfc00018
address: 0000000c
address: 0000000c
address: bfc0001c
address: bfc0001c
address: bfc0001c
address: bfc0001c
address: 00000150
address: 00000150
address: bfc00014
address: bfc00014
address: bfc00014
address: 0000000c
address: 0000000c
address: bfc00018
address: bfc00018
address: bfc00018
address: bfc00018
address: bfc00018
address: 0000000c
address: 0000000c
address: bfc0001c
address: bfc0001c
address: 00000160
address: 00000160
address: bfc00014
address: bfc00014
address: bfc00014
address: 0000000c
address: 0000000c
address: bfc00018
address: bfc00018
address: bfc00018
address: 0000000c
address: 0000000c
address: bfc0001c
address: bfc0001c
address: bfc0001c
address: bfc0001c
address: bfc0001c
address: 00000170
address: 00000170
address: bfc00014
address: bfc00014
address: 0000000c
address: 0000000c
address: bfc00018
address: bfc00018
address: bfc00018
address: bfc00018
address: 0000000c
address: 0000000c
address: bfc0001c
address: bfc0001c
address: bfc0001c
address: bfc0001c
address: bfc0001c
address: 00000180
address: 00000180
address: bfc00014
address: bfc00014
address: 0000000c
address: 0000000c
address: bfc00018
address: bfc00018
address: bfc00018
address: bfc00018
address: 0000000c
address: 0000000c
address: bfc0001c
address: bfc0001c
address: bfc0001c
address: bfc0001c
address: bfc0001c
address: 00000190
address: 00000190
address: bfc00014
address: bfc00014
address: bfc00014
address: 0000000c
address: 0000000c
address: bfc00018
address: bfc00018
address: bfc00018
address: bfc00018
address: bfc00018
address: 0000000c
address: 0000000c
address: bfc0001c
address: bfc0001c
address: 000001a0
address: 000001a0
address: bfc00014
address: bfc00014
address: bfc00014
address: 0000000c
address: 0000000c
address: bfc00018
address: bfc00018
address: bfc00018
address: bfc00018
address: bfc00018
address: 0000000c
address: 0000000c
address: bfc0001c
address: bfc0001c
address: 000001b0
address: 000001b0
address: bfc00014
address: bfc00014
address: bfc00014
address: bfc00014
address: bfc00014
address: 0000000c
address: 0000000c
address: bfc00018
address: bfc00018
address: 0000000c
address: 0000000c
address: bfc0001c
address: bfc0001c
address: bfc0001c
address: bfc0001c
address: 000001c0
address: 000001c0
address: bfc00014
address: bfc00014
address: bfc00014
address: 0000000c
address: 0000000c
address: bfc00018
address: bfc00018
address: bfc00018
address: bfc00018
address: 0000000c
address: 0000000c
address: bfc0001c
address: bfc0001c
address: bfc0001c
address: 000001d0
address: 000001d0
address: bfc00014
address: bfc00014
address: bfc00014
address: bfc00014
address: bfc00014
address: 0000000c
address: 0000000c
address: bfc00018
address: bfc00018
address: 0000000c
address: 0000000c
address: bfc0001c
address: bfc0001c
address: bfc0001c
address: 000001e0
address: 000001e0
address: bfc00014
address: bfc00014
address: bfc00014
address: 0000000c
address: 0000000c
address: bfc00018
address: bfc00018
address: bfc00018
address: bfc00018
address: bfc00018
address: 0000000c
address: 0000000c
address: bfc0001c
address: bfc0001c
address: 000001f0
address: 000001f0
address: bfc00014
address: bfc00014
address: bfc00014
address: bfc00014
address: 0000000c
address: 0000000c
address: bfc00018
address: bfc00018
address: bfc00018
address: bfc00018
address: bfc00018
address: 0000000c
address: 0000000c
address: bfc0001c
address: bfc0001c
address: 00000200
address: 00000200
address: bfc00014
address: bfc00014
address: bfc00014
address: bfc00014
address: 0000000c
address: 0000000c
address: bfc00018
address: bfc00018
address: bfc00018
address: bfc00018
address: bfc00018
address: 0000000c
address: 0000000c
address: bfc0001c
address: bfc0001c
address: bfc0001c
address: 00000210
address: 00000210
address: bfc00014
address: bfc00014
address: bfc00014
address: bfc00014
address: bfc00014
address: 0000000c
address: 0000000c
address: bfc00018
address: bfc00018
address: 0000000c
address: 0000000c
address: bfc0001c
address: bfc0001c
address: bfc0001c
address: 00000220
address: 00000220
address: bfc00014
address: bfc00014
address: bfc00014
address: bfc00014
address: bfc00014
address: 0000000c
address: 0000000c
address: bfc00018
address: bfc00018
address: 0000000c
address: 0000000c
address: bfc0001c
address: bfc0001c
address: bfc0001c
address: bfc0001c
address: bfc0001c
address: 00000230
address: 00000230
address: bfc00014
address: bfc00014
address: 0000000c
address: 0000000c
address: bfc00018
address: bfc00018
address: bfc00018
address: bfc00018
address: 0000000c
address: 0000000c
address: bfc0001c
address: bfc0001c
address: bfc0001c
address: 00000240
address: 00000240
address: bfc00014
address: bfc00014
address: bfc00014
address: bfc00014
address: 0000000c
address: 0000000c
address: bfc00018
address: bfc00018
address: bfc00018
address: 0000000c
address: 0000000c
address: bfc0001c
address: bfc0001c
address: bfc0001c
address: bfc0001c
address: bfc0001c
address: 00000250
address: 00000250
address: bfc00014
address: bfc00014
address: 0000000c
address: 0000000c
address: bfc00018
address: bfc00018
address: bfc00018
address: 0000000c
address: 0000000c
address: bfc0001c
address: bfc0001c
address: bfc0001c
address: 00000260
address: 00000260
address: bfc00014
address: bfc00014
address: bfc00014
address: bfc00014
address: bfc00014
address: 0000000c
address: 0000000c
address: bfc00018
address: bfc00018
address: 0000000c
address: 0000000c
address: bfc0001c
address: bfc0001c
address: bfc0001c
address: bfc0001c
address: 00000270
address: 00000270
address: bfc00014
address: bfc00014
address: bfc00014
address: bfc00014
address: bfc00014
address: 0000000c
address: 0000000c
address: bfc00018
address: bfc00018
address: 0000000c
address: 0000000c
address: bfc0001c
address: bfc0001c
address: bfc0001c
address: bfc0001c
address: 00000280
address: 00000280
address: bfc00014
address: bfc00014
address: bfc00014
address: bfc00014
address: bfc00014
address: 0000000c
address: 0000000c
address: bfc00018
address: bfc00018
address: bfc00018
address: 0000000c
address: 0000000c
address: bfc0001c
address: bfc0001c
address: bfc0001c
address: bfc0001c
address: bfc0001c
address: 00000290
address: 00000290
address: bfc00014
address: bfc00014
address: 0000000c
address: 0000000c
address: bfc00018
address: bfc00018
address: bfc00018
address: 0000000c
address: 0000000c
address: bfc0001c
address: bfc0001c
address: bfc0001c
address: bfc0001c
address: bfc0001c
address: 000002a0
address: 000002a0
address: bfc00014
address: bfc00014
address: 0000000c
address: 0000000c
address: bfc00018
address: bfc00018
address: bfc00018
address: bfc00018
address: bfc00018
address: 0000000c
address: 0000000c
address: bfc0001c
address: bfc0001c
address: 000002b0
address: 000002b0
address: bfc00014
address: bfc00014
address: bfc00014
address: bfc00014
address: 0000000c
address: 0000000c
address: bfc00018
address: bfc00018
address: bfc00018
address: 0000000c
address: 0000000c
address: bfc0001c
address: bfc0001c
address: bfc0001c
address: bfc0001c
address: 000002c0
address: 000002c0
address: bfc00014
address: bfc00014
address: bfc00014
address: 0000000c
address: 0000000c
address: bfc00018
address: bfc00018
address: bfc00018
address: bfc00018
address: bfc00018
address: 0000000c
address: 0000000c
address: bfc0001c
address: bfc0001c
address: 000002d0
address: 000002d0
address: bfc00014
address: bfc00014
address: bfc00014
address: 0000000c
address: 0000000c
address: bfc00018
address: bfc00018
address: bfc00018
address: 0000000c
address: 0000000c
address: bfc0001c
address: bfc0001c
address: bfc0001c
address: bfc0001c
address: bfc0001c
address: 000002e0
address: 000002e0
address: bfc00014
address: bfc00014
address: 0000000c
address: 0000000c
address: bfc00018
address: bfc00018
address: bfc00018
address: bfc00018
address: 0000000c
address: 0000000c
address: bfc0001c
address: bfc0001c
address: bfc0001c
address: bfc0001c
address: bfc0001c
address: 000002f0
address: 000002f0
address: bfc00014
address: bfc00014
address: 0000000c
address: 0000000c
address: bfc00018
address: bfc00018
address: bfc00018
address: bfc00018
address: 0000000c
address: 0000000c
address: bfc0001c
address: bfc0001c
address: bfc0001c
address: bfc0001c
address: bfc0001c
address: 00000300
address: 00000300
address: bfc00014
address: bfc00014
address: bfc00014
address: 0000000c
address: 0000000c
address: bfc00018
address: bfc00018
address: bfc00018
address: bfc00018
address: bfc00018
address: 0000000c
address: 0000000c
address: bfc0001c
address: bfc0001c
address: 00000310
address: 00000310
address: bfc00014
address: bfc00014
address: bfc00014
address: 0000000c
address: 0000000c
address: bfc00018
address: bfc00018
address: bfc00018
address: bfc00018
address: bfc00018
address: 0000000c
address: 0000000c
address: bfc0001c
address: bfc0001c
address: 00000320
address: 00000320
address: bfc00014
address: bfc00014
address: bfc00014
address: bfc00014
address: bfc00014
address: 0000000c
address: 0000000c
address: bfc00018
address: bfc00018
address: 0000000c
address: 0000000c
address: bfc0001c
address: bfc0001c
address: bfc0001c
address: bfc0001c
address: 00000330
address: 00000330
address: bfc00014
address: bfc00014
address: bfc00014
address: 0000000c
address: 0000000c
address: bfc00018
address: bfc00018
address: bfc00018
address: bfc00018
address: 0000000c
address: 0000000c
address: bfc0001c
address: bfc0001c
address: bfc0001c
address: 00000340
address: 00000340
address: bfc00014
address: bfc00014
address: bfc00014
address: bfc00014
address: bfc00014
address: 0000000c
address: 0000000c
address: bfc00018
address: bfc00018
address: 0000000c
address: 0000000c
address: bfc0001c
address: bfc0001c
address: bfc0001c
address: 00000350
address: 00000350
address: bfc00014
address: bfc00014
address: bfc00014
address: 0000000c
address: 0000000c
address: bfc00018
address: bfc00018
address: bfc00018
address: bfc00018
address: bfc00018
address: 0000000c
address: 0000000c
address: bfc0001c
address: bfc0001c
address: 00000360
address: 00000360
address: bfc00014
address: bfc00014
address: bfc00014
address: bfc00014
address: 0000000c
address: 0000000c
address: bfc00018
address: bfc00018
address: bfc00018
address: bfc00018
address: bfc00018
address: 0000000c
address: 0000000c
address: bfc0001c
address: bfc0001c
address: 00000370
address: 00000370
address: bfc00014
address: bfc00014
address: bfc00014
address: bfc00014
address: 0000000c
address: 0000000c
address: bfc00018
address: bfc00018
address: bfc00018
address: bfc00018
address: bfc00018
address: 0000000c
address: 0000000c
address: bfc0001c
address: bfc0001c
address: bfc0001c
address: 00000380
address: 00000380
address: bfc00014
address: bfc00014
address: bfc00014
address: bfc00014
address: bfc00014
address: 0000000c
address: 0000000c
address: bfc00018
address: bfc00018
address: 0000000c
address: 0000000c
address: bfc0001c
address: bfc0001c
address: bfc0001c
address: 00000390
address: 00000390
address: bfc00014
address: bfc00014
address: bfc00014
address: bfc00014
address: bfc00014
address: 0000000c
address: 0000000c
address: bfc00018
address: bfc00018
address: 0000000c
address: 0000000c
address: bfc0001c
address: bfc0001c
address: bfc0001c
address: bfc0001c
address: bfc0001c
address: 000003a0
address: 000003a0
address: bfc00014
address: bfc00014
address: 0000000c
address: 0000000c
address: bfc00018
address: bfc00018
address: bfc00018
address: bfc00018
address: 0000000c
address: 0000000c
address: bfc0001c
address: bfc0001c
address: bfc0001c
address: 000003b0
address: 000003b0
address: bfc00014
address: bfc00014
address: bfc00014
address: bfc00014
address: 0000000c
address: 0000000c
address: bfc00018
address: bfc00018
address: bfc00018
address: 0000000c
address: 0000000c
address: bfc0001c
address: bfc0001c
address: bfc0001c
address: bfc0001c
address: bfc0001c
address: 000003c0
address: 000003c0
address: bfc00014
address: bfc00014
address: 0000000c
address: 0000000c
address: bfc00018
address: bfc00018
address: bfc00018
address: 0000000c
address: 0000000c
address: bfc0001c
address: bfc0001c
address: bfc0001c
address: 000003d0
address: 000003d0
FATAL: test/testbenches/mips_bus_random_tb.v:50: Simulation did not finish within        1000 cycles.
       Time: 2000000  Scope: mips_bus_random_tb
