Loading from test/test-cases/lui-2/lui-2.hex.txt
WARNING: rtl/mips_cpu/request_memory.v:33: $readmemh(test/test-cases/lui-2/lui-2.hex.txt): Not enough words in the file for the requested range [0:1023].
num: 10000000000000000000000000000000: 
shifted num: 00000000000000000000100000000000: 
REGFile : OUT: $zero,$at,$v0,$v1,$a0,$a1,$a2,$a3,$t0,$t1,$t2,$t3,$t4,$t5,$t6,$t7,$s0,$s1,$s2,$s3,$s4,$s5,$s6,$s7,$t8,$t9,$k0,$k1,$gp,$sp,$s8,$ra
address: bfc00000
address: bfc00000
address: xxxxxxxX
Memory error: Address range miss, only 1024 words after BFC00000 implemented by default. Increase RANGE parameter as required. ADDR:  xxxxxxxX
address: xxxxxxxX
Memory error: Address range miss, only 1024 words after BFC00000 implemented by default. Increase RANGE parameter as required. ADDR:  xxxxxxxX
address: xxxxxxxX
address: bfc00004
address: bfc00004
address: xxxxxxxX
address: xxxxxxxX
address: bfc00008
address: bfc00008
address: 00000000
address: 00000000
address: 00000000
Memory error: Address range miss, only 1024 words after BFC00000 implemented by default. Increase RANGE parameter as required. ADDR:  00000000
REG v0: OUT: 00010000
